GAMS 51.1.0  2d039df5 Sep 13, 2025          WEX-WEI x86 64bit/MS Windows - 09/24/25 16:00:58 Page 1
G e n e r a l   A l g e b r a i c   M o d e l i n g   S y s t e m
C o m p i l a t i o n


      CEE 6410 - Water Resources Systems Analysis
      HW 4 GAMS solution for irrigation problem
       
      THE PROBLEM:
       
      Deciding how water should be allocated to different crops.  Data are as fol-lows:
       
      Seasonal Resource
      Inputs for Profit        Crops        Resource
      Availability
                      Hay        Grain
      June          2 acft/acre        1 acft/acre               14,000 acft
      July          1 acft/acre        2 acft/acre               18,000 acft
      August        1 acft/acre        0 acft/acre               6,000 acft
      Total Plants  1 acre             1 acre                    10,000 acres
      Return $/acre        $100        $120
       
                      Determine the optimal planting for the two crops.
       
      THE SOLUTION:
      Uses General Algebraic Modeling System to Solve this Linear Program
       
      Spencer Young
      a02307423@aggies.usu.edu
      September 24, 2025
  28   
  29  * 1. DEFINE the SETS
  30  SETS plant crops growing /Hay, Grain/
  31       month months /June, July, August, Total/;
  32   
  33  * 2. DEFINE input data
  34  PARAMETERS
  35     c(plant) Objective function coefficients ($ per plant)
  36           /Hay 100,
  37           Grain 120/
  38     b(month) Right hand constraint values (per resource)
  39            /June 14000,
  40             July  18000,
  41             August  6000,
  42             Total 10000/;
  43   
  44  TABLE A(plant,month) Left hand side constraint coefficients
  45                   June    July    August    Total
  46   Hay             2        1        1         1
  47   Grain           1        2        0         1;
  48   
  49   
  50  * 3. DEFINE the variables
  51  VARIABLES X(plant) plants planted (Number)
  52            VPROFIT  total profit ($);
  53   
  54  * Non-negativity constraints
  55  POSITIVE VARIABLES X;
  56   
  57  * 4. COMBINE variables and data in equations
  58  EQUATIONS
  59     PROFIT Total profit ($) and objective function value
  60     WATER_CONSTRAINT(month) Water Constraint by month;
  61   
  62  PROFIT..                 VPROFIT =E= SUM(plant, c(plant)*X(plant));
  63  WATER_CONSTRAINT(month) ..    SUM(plant, A(plant,month)*X(plant)) =L= b(month);
  64   
  65   
  66  * 5. DEFINE the MODEL from the EQUATIONS
  67  MODEL PLANTING /PROFIT, WATER_CONSTRAINT/;
  68  *Altnerative way to write (include all previously defined equations)
  69  *MODEL PLANTING /ALL/;
  70   
  71   
  72  * 6. SOLVE the MODEL
  73  * Solve the PLANTING model using a Linear Programming Solver (see File=>Options=>Solvers)
  74  *     to maximize VPROFIT
  75  SOLVE PLANTING USING LP MAXIMIZING VPROFIT;
  76   
  77  * 6. CLick File menu => RUN (F9) or Solve icon and examine solution report in .LST file


COMPILATION TIME     =        0.000 SECONDS      3 MB  51.1.0 2d039df5 WEX-WEI
GAMS 51.1.0  2d039df5 Sep 13, 2025          WEX-WEI x86 64bit/MS Windows - 09/24/25 16:00:58 Page 2
G e n e r a l   A l g e b r a i c   M o d e l i n g   S y s t e m
Equation Listing    SOLVE PLANTING Using LP From line 75


---- PROFIT  =E=  Total profit ($) and objective function value

PROFIT..  - 100*X(Hay) - 120*X(Grain) + VPROFIT =E= 0 ; (LHS = 0)
     

---- WATER_CONSTRAINT  =L=  Water Constraint by month

WATER_CONSTRAINT(June)..  2*X(Hay) + X(Grain) =L= 14000 ; (LHS = 0)
     
WATER_CONSTRAINT(July)..  X(Hay) + 2*X(Grain) =L= 18000 ; (LHS = 0)
     
WATER_CONSTRAINT(August)..  X(Hay) =L= 6000 ; (LHS = 0)
     
REMAINING ENTRY SKIPPED

GAMS 51.1.0  2d039df5 Sep 13, 2025          WEX-WEI x86 64bit/MS Windows - 09/24/25 16:00:58 Page 3
G e n e r a l   A l g e b r a i c   M o d e l i n g   S y s t e m
Column Listing      SOLVE PLANTING Using LP From line 75


---- X  plants planted (Number)

X(Hay)
                (.LO, .L, .UP, .M = 0, 0, +INF, 0)
     -100       PROFIT
        2       WATER_CONSTRAINT(June)
        1       WATER_CONSTRAINT(July)
        1       WATER_CONSTRAINT(August)
        1       WATER_CONSTRAINT(Total)

X(Grain)
                (.LO, .L, .UP, .M = 0, 0, +INF, 0)
     -120       PROFIT
        1       WATER_CONSTRAINT(June)
        2       WATER_CONSTRAINT(July)
        1       WATER_CONSTRAINT(Total)


---- VPROFIT  total profit ($)

VPROFIT
                (.LO, .L, .UP, .M = -INF, 0, +INF, 0)
        1       PROFIT

GAMS 51.1.0  2d039df5 Sep 13, 2025          WEX-WEI x86 64bit/MS Windows - 09/24/25 16:00:58 Page 4
G e n e r a l   A l g e b r a i c   M o d e l i n g   S y s t e m
Range Statistics    SOLVE PLANTING Using LP From line 75


RANGE STATISTICS (ABSOLUTE NON-ZERO FINITE VALUES)

RHS       [min, max] : [ 6.000E+03, 1.800E+04] - Zero values observed as well
Bound     [min, max] : [        NA,        NA] - Zero values observed as well
Matrix    [min, max] : [ 1.000E+00, 1.200E+02]

GAMS 51.1.0  2d039df5 Sep 13, 2025          WEX-WEI x86 64bit/MS Windows - 09/24/25 16:00:58 Page 5
G e n e r a l   A l g e b r a i c   M o d e l i n g   S y s t e m
Model Statistics    SOLVE PLANTING Using LP From line 75


MODEL STATISTICS

BLOCKS OF EQUATIONS           2     SINGLE EQUATIONS            5
BLOCKS OF VARIABLES           2     SINGLE VARIABLES            3
NON ZERO ELEMENTS            10


GENERATION TIME      =        0.015 SECONDS      4 MB  51.1.0 2d039df5 WEX-WEI
GAMS 51.1.0  2d039df5 Sep 13, 2025          WEX-WEI x86 64bit/MS Windows - 09/24/25 16:00:58 Page 6
G e n e r a l   A l g e b r a i c   M o d e l i n g   S y s t e m
Solution Report     SOLVE PLANTING Using LP From line 75


               S O L V E      S U M M A R Y

     MODEL   PLANTING            OBJECTIVE  VPROFIT
     TYPE    LP                  DIRECTION  MAXIMIZE
     SOLVER  CPLEX               FROM LINE  75

**** SOLVER STATUS     1 Normal Completion
**** MODEL STATUS      1 Optimal
**** OBJECTIVE VALUE          1160000.0000

 RESOURCE USAGE, LIMIT          0.000 10000000000.000
 ITERATION COUNT, LIMIT         3    2147483647
*** This solver runs with a community license.
--- GMO setup time: 0.00s
--- GMO memory 0.50 Mb (peak 0.50 Mb)
--- Dictionary memory 0.00 Mb
--- Cplex 22.1.2.0 link memory 0.00 Mb (peak 0.00 Mb)
--- Starting Cplex


--- LP status (1): optimal.
--- Cplex Time: 0.00sec (det. 0.01 ticks)


Optimal solution found
Objective:      1160000.000000


                           LOWER          LEVEL          UPPER         MARGINAL

---- EQU PROFIT              .              .              .             1.0000      

  PROFIT  Total profit ($) and objective function value

---- EQU WATER_CONSTRAINT  Water Constraint by month

              LOWER          LEVEL          UPPER         MARGINAL

June          -INF        12000.0000     14000.0000          .          
July          -INF        18000.0000     18000.0000        20.0000      
August        -INF         2000.0000      6000.0000          .          
Total         -INF        10000.0000     10000.0000        80.0000      

---- VAR X  plants planted (Number)

             LOWER          LEVEL          UPPER         MARGINAL

Hay            .          2000.0000        +INF             .          
Grain          .          8000.0000        +INF             .          

                           LOWER          LEVEL          UPPER         MARGINAL

---- VAR VPROFIT           -INF      1160000.0000        +INF             .          

  VPROFIT  total profit ($)


**** REPORT SUMMARY :        0     NONOPT
                             0 INFEASIBLE
                             0  UNBOUNDED


EXECUTION TIME       =        0.078 SECONDS      4 MB  51.1.0 2d039df5 WEX-WEI


USER: Course License                                 G250902+0003Ac-GEN
      Utah State University                                     DCE4709
      License for teaching and research at degree granting institutions


**** FILE SUMMARY

Input      C:\Users\spenc\OneDrive\Desktop\CEE 6410\GAMS\HW4 Irrigation.gms
Output     C:\Users\spenc\OneDrive\Desktop\CEE 6410\GAMS\HW4 Irrigation.lst
