
--- Job HW 6 Irrigation.gms Start 12/06/25 15:22:02 51.1.0 2d039df5 WEX-WEI x86 64bit/MS Windows
--- Applying:
    C:\GAMS\51\gmsprmNT.txt
--- GAMS Parameters defined
    Input "C:\Users\spenc\OneDrive\Desktop\CEE 6410\GAMS\HW 6 Irrigation.gms"
    PageSize 0
    ScrDir "C:\Users\spenc\OneDrive\Desktop\CEE 6410\GAMS\225s\"
    SysDir C:\GAMS\51\
    LogOption 3
    AppendLog 1
    ErrMsg 1
    ErrorLog 99
    IDE 1
    LstTitleLeftAligned 1
Licensee: Course License                                 G250902+0003Ac-GEN
          Utah State University                                     DCE4709
          225s\gamslice.dat
          node:23457803 mem:16 cores:10 ipport:58474 uses:0@0 v:2          
          Course license for use within the course and related course work
          The expiration date of time-limited license is Dec 31, 2025
System information: 10 physical cores and 16 Gb physical memory detected
GAMS 51.1.0   Copyright (C) 1987-2025 GAMS Development. All rights reserved
--- Starting compilation
--- HW 6 Irrigation.gms(86) 3 Mb
--- Starting execution: elapsed 0:00:00.024
--- Generating LP model PLANTING
--- HW 6 Irrigation.gms(84) 4 Mb
---   3 rows  5 columns  12 non-zeroes
--- Range statistics (absolute non-zero finite values)
--- RHS       [min, max] : [ 1.000E+02, 1.200E+02] - Zero values observed as well
--- Bound     [min, max] : [        NA,        NA] - Zero values observed as well
--- Matrix    [min, max] : [ 1.000E+00, 1.800E+04]
--- Executing CPLEX (Solvelink=2): elapsed 0:00:00.111

IBM ILOG CPLEX   51.1.0 2d039df5 Sep 13, 2025          WEI x86 64bit/MS Window

*** This solver runs with a community license.
--- GMO setup time: 0.00s
--- GMO memory 0.50 Mb (peak 0.50 Mb)
--- Dictionary memory 0.00 Mb
--- Cplex 22.1.2.0 link memory 0.00 Mb (peak 0.00 Mb)
--- Starting Cplex

Version identifier: 22.1.2.0 | 2024-11-25 | 0edbb82fd
CPXPARAM_Advance                                 0
CPXPARAM_Simplex_Display                         2
CPXPARAM_MIP_Display                             4
CPXPARAM_MIP_Pool_Capacity                       0
CPXPARAM_MIP_Tolerances_AbsMIPGap                0
Tried aggregator 1 time.
LP Presolve eliminated 0 rows and 1 columns.
Reduced LP has 2 rows, 4 columns, and 7 nonzeros.
Presolve time = 0.00 sec. (0.00 ticks)

Iteration      Dual Objective            In Variable           Out Variable
     1         1080000.000000                Y(July)PLANT_CONSTRAINT_ slack
     2         1160000.000000               Y(Total)PLANT_CONSTRAINT_ slack

--- LP status (1): optimal.
--- Cplex Time: 0.00sec (det. 0.00 ticks)


Optimal solution found
Objective:      1160000.000000

--- Reading solution for model PLANTING
*** Status: Normal completion
--- Job HW 6 Irrigation.gms Stop 12/06/25 15:22:03 elapsed 0:00:00.477
