--- Job HW 6 EX 7-1.gms Start 12/06/25 12:03:46 51.1.0 2d039df5 WEX-WEI x86 64bit/MS Windows
--- Applying:
    C:\GAMS\51\gmsprmNT.txt
--- GAMS Parameters defined
    Input "C:\Users\spenc\OneDrive\Desktop\CEE 6410\GAMS\HW 6 EX 7-1.gms"
    PageSize 0
    ScrDir "C:\Users\spenc\OneDrive\Desktop\CEE 6410\GAMS\225p\"
    SysDir C:\GAMS\51\
    LogOption 3
    AppendLog 1
    ErrMsg 1
    ErrorLog 99
    IDE 1
    LstTitleLeftAligned 1
Licensee: Course License                                 G250902+0003Ac-GEN
          Utah State University                                     DCE4709
          225p\gamslice.dat
          node:23457803 mem:16 cores:10 ipport:63482 uses:0@0 v:2          
          Course license for use within the course and related course work
          The expiration date of time-limited license is Dec 31, 2025
System information: 10 physical cores and 16 Gb physical memory detected
GAMS 51.1.0   Copyright (C) 1987-2025 GAMS Development. All rights reserved
--- Starting compilation
--- HW 6 EX 7-1.gms(80) 3 Mb
--- Starting execution: elapsed 0:00:00.034
--- HW 6 EX 7-1.gms(39) 4 Mb
--- Generating MIP model BuildScenario
--- HW 6 EX 7-1.gms(72) 4 Mb
---   13 rows  16 columns  41 non-zeroes
---   6 discrete-columns
--- Range statistics (absolute non-zero finite values)
--- RHS       [min, max] : [ 1.000E+00, 7.300E+02] - Zero values observed as well
--- Bound     [min, max] : [ 1.000E+00, 1.000E+00] - Zero values observed as well
--- Matrix    [min, max] : [ 3.333E-01, 1.000E+04]
--- Executing CPLEX (Solvelink=2): elapsed 0:00:00.138

IBM ILOG CPLEX   51.1.0 2d039df5 Sep 13, 2025          WEI x86 64bit/MS Window

*** This solver runs with a community license.
--- GMO setup time: 0.00s
--- GMO memory 0.50 Mb (peak 0.50 Mb)
--- Dictionary memory 0.00 Mb
--- Cplex 22.1.2.0 link memory 0.00 Mb (peak 0.00 Mb)
--- Starting Cplex

Version identifier: 22.1.2.0 | 2024-11-25 | 0edbb82fd
CPXPARAM_Advance                                 0
CPXPARAM_Simplex_Display                         2
CPXPARAM_MIP_Display                             4
CPXPARAM_MIP_Pool_Capacity                       0
CPXPARAM_MIP_Tolerances_AbsMIPGap                0
Generic callback                                 0x50
Found incumbent of value 0.000000 after 0.02 sec. (0.00 ticks)
Tried aggregator 1 time.
MIP Presolve eliminated 3 rows and 4 columns.
MIP Presolve modified 1 coefficients.
Reduced MIP has 9 rows, 12 columns, and 25 nonzeros.
Reduced MIP has 3 binaries, 0 generals, 0 SOSs, and 0 indicators.
Presolve time = 0.00 sec. (0.02 ticks)
Probing fixed 0 vars, tightened 1 bounds.
Probing time = 0.00 sec. (0.00 ticks)
Tried aggregator 1 time.
Detecting symmetries...
MIP Presolve modified 1 coefficients.
Reduced MIP has 9 rows, 12 columns, and 25 nonzeros.
Reduced MIP has 3 binaries, 0 generals, 0 SOSs, and 0 indicators.
Presolve time = 0.00 sec. (0.02 ticks)
Probing time = 0.00 sec. (0.00 ticks)
Clique table members: 1.
MIP emphasis: balance optimality and feasibility.
MIP search method: dynamic search.
Parallel mode: deterministic, using up to 12 threads.
Parallel mode: deterministic, using up to 2 threads for parallel tasks at root LP.
Tried aggregator 1 time.
No LP presolve or aggregator reductions.
Presolve time = 0.00 sec. (0.00 ticks)
Initializing dual steep norms . . .

Iteration      Dual Objective            In Variable           Out Variable
     1          112120.000000                   Area   SupplyArea(s2) slack
     2          112120.000000              V(res,s2)               Flow(s2)
     3          104110.000000             V(pump,s1)   SupplyArea(s1) slack
     4           94110.000000            I(res,cap2)       ResCap(s1) slack
     5           86110.000000             V(pump,s2)      PumpCap(s2) slack
Root relaxation solution time = 0.05 sec. (0.01 ticks)

        Nodes                                         Cuts/
   Node  Left     Objective  IInf  Best Integer    Best Bound    ItCnt     Gap

*     0+    0                            0.0000   120150.0000              --- 
Found incumbent of value 0.000000 after 0.08 sec. (0.06 ticks)
*     0+    0                        50000.0000   120150.0000           140.30%
Found incumbent of value 50000.000000 after 0.09 sec. (0.06 ticks)
*     0     0      integral     0    86110.0000    86110.0000        5    0.00%
Elapsed time = 0.09 sec. (0.06 ticks, tree = 0.00 MB)
Found incumbent of value 86110.000000 after 0.09 sec. (0.06 ticks)

Root node processing (before b&c):
  Real time             =    0.09 sec. (0.07 ticks)
Parallel b&c, 12 threads:
  Real time             =    0.00 sec. (0.00 ticks)
  Sync time (average)   =    0.00 sec.
  Wait time (average)   =    0.00 sec.
                          ------------
Total (root+branch&cut) =    0.09 sec. (0.07 ticks)

--- MIP status (101): integer optimal solution.
--- Cplex Time: 0.09sec (det. 0.07 ticks)

--- Returning a primal only solution to GAMS (marginals all set to NA).
--- Fixing integer variables and solving final LP...

Version identifier: 22.1.2.0 | 2024-11-25 | 0edbb82fd
CPXPARAM_Advance                                 2
CPXPARAM_Simplex_Display                         2
CPXPARAM_MIP_Display                             4
CPXPARAM_MIP_Pool_Capacity                       0
CPXPARAM_MIP_Tolerances_AbsMIPGap                0
Tried aggregator 1 time.
LP Presolve eliminated 8 rows and 8 columns.
Reduced LP has 4 rows, 8 columns, and 12 nonzeros.
Presolve time = 0.00 sec. (0.01 ticks)
Initializing dual steep norms . . .

Iteration      Dual Objective            In Variable           Out Variable
     1  I          179.999998                   Area   SupplyArea(s2) slack
     2  I          179.999998               Stor(s1)               Flow(s2)
     3  I           79.999998              V(res,s2)               Stor(s1)
     4  I            0.000000             V(pump,s2)    goes to upper bound
     5           86165.000000               Stor(s1)   SupplyArea(s1) slack
     6           86110.000000             V(pump,s1)              V(res,s1)

--- Fixed MIP status (1): optimal.
--- Cplex Time: 0.00sec (det. 0.02 ticks)


Proven optimal solution
MIP Solution:        86110.000000    (5 iterations, 0 nodes)
Final Solve:         86110.000000    (6 iterations)

Best possible:       86110.000000
Absolute gap:            0.000000
Relative gap:            0.000000

--- Reading solution for model BuildScenario
--- Executing after solve: elapsed 0:00:00.615
--- HW 6 EX 7-1.gms(77) 4 Mb
--- GDX File (execute_unload) C:\Users\spenc\OneDrive\Desktop\CEE 6410\GAMS\Ex7-1.gdx
--- HW 6 EX 7-1.gms(79) 4 Mb
GDX2XLS          51.1.0 2d039df5 Sep 13, 2025          WEI x86 64bit/MS Window
Output file: C:\Users\spenc\OneDrive\Desktop\CEE 6410\GAMS\Ex7-1.xlsx
(Created backup file)
*** Status: Normal completion
--- Job HW 6 EX 7-1.gms Stop 12/06/25 12:04:03 elapsed 0:00:17.059
Cannot delete directory: 225p
Cannot delete directory: 225p
Cannot delete directory: 225p
Cannot delete directory: 225p
Cannot delete directory: 225p
*** Error: Cannot delete process directory: 225p
