--- Job HW 6 EX 7-1.gms Start 10/28/25 04:16:27 51.1.0 2d039df5 WEX-WEI x86 64bit/MS Windows
--- Applying:
    C:\GAMS\51\gmsprmNT.txt
--- GAMS Parameters defined
    Input "C:\Users\spenc\OneDrive\Desktop\CEE 6410\GAMS\HW 6 EX 7-1.gms"
    PageSize 0
    ScrDir "C:\Users\spenc\OneDrive\Desktop\CEE 6410\GAMS\225e\"
    SysDir C:\GAMS\51\
    LogOption 3
    AppendLog 1
    ErrMsg 1
    ErrorLog 99
    IDE 1
    LstTitleLeftAligned 1
Licensee: Course License                                 G250902+0003Ac-GEN
          Utah State University                                     DCE4709
          225e\gamslice.dat
          node:23457803 mem:16 cores:10 ipport:62100 uses:0@0 v:2          
          Course license for use within the course and related course work
          The expiration date of time-limited license is Dec 31, 2025
System information: 10 physical cores and 16 Gb physical memory detected
GAMS 51.1.0   Copyright (C) 1987-2025 GAMS Development. All rights reserved
--- Starting compilation
--- HW 6 EX 7-1.gms(137) 3 Mb
--- Starting execution: elapsed 0:00:00.028
--- HW 6 EX 7-1.gms(93) 4 Mb
--- Generating MIP model ResDesign
--- HW 6 EX 7-1.gms(129) 4 Mb
---   13 rows  16 columns  40 non-zeroes
---   6 discrete-columns
--- Range statistics (absolute non-zero finite values)
--- RHS       [min, max] : [ 1.000E+00, 6.000E+02] - Zero values observed as well
--- Bound     [min, max] : [ 1.000E+00, 1.000E+00] - Zero values observed as well
--- Matrix    [min, max] : [ 3.333E-01, 1.000E+04]
--- Executing CPLEX (Solvelink=2): elapsed 0:00:00.128

IBM ILOG CPLEX   51.1.0 2d039df5 Sep 13, 2025          WEI x86 64bit/MS Window

*** This solver runs with a community license.
--- GMO setup time: 0.00s
--- GMO memory 0.50 Mb (peak 0.50 Mb)
--- Dictionary memory 0.00 Mb
--- Cplex 22.1.2.0 link memory 0.00 Mb (peak 0.00 Mb)
--- Starting Cplex

Version identifier: 22.1.2.0 | 2024-11-25 | 0edbb82fd
CPXPARAM_Advance                                 0
CPXPARAM_Simplex_Display                         2
CPXPARAM_MIP_Display                             4
CPXPARAM_MIP_Pool_Capacity                       0
CPXPARAM_MIP_Tolerances_AbsMIPGap                0
Generic callback                                 0x50
Found incumbent of value 0.000000 after 0.00 sec. (0.00 ticks)
Tried aggregator 1 time.
MIP Presolve eliminated 1 rows and 4 columns.
MIP Presolve modified 1 coefficients.
Reduced MIP has 11 rows, 12 columns, and 29 nonzeros.
Reduced MIP has 3 binaries, 0 generals, 0 SOSs, and 0 indicators.
Presolve time = 0.02 sec. (0.02 ticks)
Probing fixed 0 vars, tightened 1 bounds.
Probing time = 0.00 sec. (0.00 ticks)
Tried aggregator 1 time.
Detecting symmetries...
MIP Presolve modified 1 coefficients.
Reduced MIP has 11 rows, 12 columns, and 29 nonzeros.
Reduced MIP has 3 binaries, 0 generals, 0 SOSs, and 0 indicators.
Presolve time = 0.00 sec. (0.02 ticks)
Probing time = 0.00 sec. (0.00 ticks)
Clique table members: 1.
MIP emphasis: balance optimality and feasibility.
MIP search method: dynamic search.
Parallel mode: deterministic, using up to 12 threads.
Parallel mode: deterministic, using up to 2 threads for parallel tasks at root LP.
Tried aggregator 1 time.
No LP presolve or aggregator reductions.
Presolve time = 0.00 sec. (0.00 ticks)
Initializing dual steep norms . . .

Iteration      Dual Objective            In Variable           Out Variable
     1          112120.000000                   AREA AreaToSupply(s2) slack
     2          104110.000000              X(pum,s1) AreaToSupply(s1) slack
     3          101433.333333              X(pum,s2)   RivMassBal(s2) slack
     4          100150.000000               STOR(s1)   RivMassBal(s1) slack
     5           90441.666667            I(res,lev2)  ResCapacity(s1) slack
     6           83150.780275            I(pum,lev1) PumpCapacity(s1) slack
Root relaxation solution time = 0.02 sec. (0.02 ticks)

        Nodes                                         Cuts/
   Node  Left     Objective  IInf  Best Integer    Best Bound    ItCnt     Gap

*     0+    0                            0.0000   120150.0000              --- 
Found incumbent of value 0.000000 after 0.03 sec. (0.07 ticks)
*     0+    0                        50000.0000   120150.0000           140.30%
Found incumbent of value 50000.000000 after 0.03 sec. (0.07 ticks)
      0     0    83150.7803     2    50000.0000    83150.7803        6   66.30%
*     0+    0                        82150.0000    83150.7803             1.22%
Found incumbent of value 82150.000000 after 0.03 sec. (0.08 ticks)
      0     0        cutoff          82150.0000                      8     --- 
Elapsed time = 0.05 sec. (0.13 ticks, tree = 0.01 MB)

Root node processing (before b&c):
  Real time             =    0.06 sec. (0.13 ticks)
Parallel b&c, 12 threads:
  Real time             =    0.00 sec. (0.00 ticks)
  Sync time (average)   =    0.00 sec.
  Wait time (average)   =    0.00 sec.
                          ------------
Total (root+branch&cut) =    0.06 sec. (0.13 ticks)

--- MIP status (101): integer optimal solution.
--- Cplex Time: 0.08sec (det. 0.13 ticks)

--- Returning a primal only solution to GAMS (marginals all set to NA).
--- Fixing integer variables and solving final LP...

Version identifier: 22.1.2.0 | 2024-11-25 | 0edbb82fd
CPXPARAM_Advance                                 2
CPXPARAM_Simplex_Display                         2
CPXPARAM_MIP_Display                             4
CPXPARAM_MIP_Pool_Capacity                       0
CPXPARAM_MIP_Tolerances_AbsMIPGap                0
Tried aggregator 1 time.
LP Presolve eliminated 6 rows and 7 columns.
Reduced LP has 6 rows, 9 columns, and 17 nonzeros.
Presolve time = 0.00 sec. (0.01 ticks)
Initializing dual steep norms . . .

Iteration      Dual Objective            In Variable           Out Variable
     1  I          179.999998                   AREA AreaToSupply(s2) slack
     2  I           99.999998              X(pum,s2)   RivMassBal(s2) slack
     3  I            0.000000               STOR(s1)              X(res,s1)
     4           83433.333333              X(pum,s1) AreaToSupply(s1) slack
     5           82150.000000              X(res,s1)   RivMassBal(s1) slack

--- Fixed MIP status (1): optimal.
--- Cplex Time: 0.00sec (det. 0.02 ticks)


Proven optimal solution
MIP Solution:        82150.000000    (8 iterations, 0 nodes)
Final Solve:         82150.000000    (5 iterations)

Best possible:       82150.000000
Absolute gap:            0.000000
Relative gap:            0.000000

--- Reading solution for model ResDesign
--- Executing after solve: elapsed 0:00:00.464
--- HW 6 EX 7-1.gms(134) 4 Mb
--- GDX File (execute_unload) C:\Users\spenc\OneDrive\Desktop\CEE 6410\GAMS\Ex7-1.gdx
--- HW 6 EX 7-1.gms(136) 4 Mb
GDX2XLS          51.1.0 2d039df5 Sep 13, 2025          WEI x86 64bit/MS Window
Output file: C:\Users\spenc\OneDrive\Desktop\CEE 6410\GAMS\Ex7-1.xlsx
*** Status: Normal completion
--- Job HW 6 EX 7-1.gms Stop 10/28/25 04:16:35 elapsed 0:00:07.586
Cannot delete directory: 225e
Cannot delete directory: 225e
Cannot delete directory: 225e
Cannot delete directory: 225e
Cannot delete directory: 225e
*** Error: Cannot delete process directory: 225e
